---
source: crates/graphql-composition/tests/composition_tests.rs
expression: actual_api_sdl
input_file: crates/graphql-composition/tests/composition/authenticated_basic/test.md
---
type Car {
    id: String!
    km: Int!
    spareParts: [String!]
    year: Int!
}

type Query {
    cars: [Car!]!
}
