---
source: engine/crates/integration-tests/tests/federation/trusted_documents.rs
expression: response
---
{
  "errors": [
    {
      "message": "Only trusted document queries are accepted."
    }
  ]
}
