---
source: engine/crates/parser-graphql/src/conversion.rs
expression: registry_from_introspection(schema)
---
{
  "types": {
    "Boolean": {
      "S": {
        "n": "Boolean",
        "d": "The `Boolean` scalar type represents `true` or `false`.",
        "p": "PassThrough"
      }
    },
    "Continent": {
      "O": {
        "n": "Continent",
        "f": {
          "code": {
            "n": "code",
            "a": {},
            "t": "ID!"
          },
          "countries": {
            "n": "countries",
            "a": {},
            "t": "[Country!]!"
          },
          "name": {
            "n": "name",
            "a": {},
            "t": "String!"
          }
        },
        "r": "Continent"
      }
    },
    "ContinentFilterInput": {
      "i": {
        "n": "ContinentFilterInput",
        "i": {
          "code": {
            "n": "code",
            "t": "StringQueryOperatorInput"
          }
        },
        "r": "ContinentFilterInput"
      }
    },
    "Country": {
      "O": {
        "n": "Country",
        "f": {
          "awsRegion": {
            "n": "awsRegion",
            "a": {},
            "t": "String!"
          },
          "capital": {
            "n": "capital",
            "a": {},
            "t": "String"
          },
          "code": {
            "n": "code",
            "a": {},
            "t": "ID!"
          },
          "continent": {
            "n": "continent",
            "a": {},
            "t": "Continent!"
          },
          "currencies": {
            "n": "currencies",
            "a": {},
            "t": "[String!]!"
          },
          "currency": {
            "n": "currency",
            "a": {},
            "t": "String"
          },
          "emoji": {
            "n": "emoji",
            "a": {},
            "t": "String!"
          },
          "emojiU": {
            "n": "emojiU",
            "a": {},
            "t": "String!"
          },
          "languages": {
            "n": "languages",
            "a": {},
            "t": "[Language!]!"
          },
          "name": {
            "n": "name",
            "a": {
              "lang": {
                "n": "lang",
                "t": "String"
              }
            },
            "t": "String!"
          },
          "native": {
            "n": "native",
            "a": {},
            "t": "String!"
          },
          "phone": {
            "n": "phone",
            "a": {},
            "t": "String!"
          },
          "phones": {
            "n": "phones",
            "a": {},
            "t": "[String!]!"
          },
          "states": {
            "n": "states",
            "a": {},
            "t": "[State!]!"
          },
          "subdivisions": {
            "n": "subdivisions",
            "a": {},
            "t": "[Subdivision!]!"
          }
        },
        "r": "Country"
      }
    },
    "CountryFilterInput": {
      "i": {
        "n": "CountryFilterInput",
        "i": {
          "code": {
            "n": "code",
            "t": "StringQueryOperatorInput"
          },
          "continent": {
            "n": "continent",
            "t": "StringQueryOperatorInput"
          },
          "currency": {
            "n": "currency",
            "t": "StringQueryOperatorInput"
          }
        },
        "r": "CountryFilterInput"
      }
    },
    "Float": {
      "S": {
        "n": "Float",
        "d": "The `Float` scalar type represents signed double-precision fractional values as specified by [IEEE 754](https://en.wikipedia.org/wiki/IEEE_floating_point).",
        "p": "PassThrough"
      }
    },
    "ID": {
      "S": {
        "n": "ID",
        "d": "The `ID` scalar type represents a unique identifier, often used to refetch an object or as key for a cache. The ID type appears in a JSON response as a String; however, it is not intended to be human-readable. When expected as an input type, any string (such as `\"4\"`) or integer (such as `4`) input value will be accepted as an ID.",
        "p": "PassThrough"
      }
    },
    "Int": {
      "S": {
        "n": "Int",
        "d": "The `Int` scalar type represents non-fractional signed whole numeric values. Int can represent values between -(2^31) and 2^31 - 1.",
        "p": "PassThrough"
      }
    },
    "Language": {
      "O": {
        "n": "Language",
        "f": {
          "code": {
            "n": "code",
            "a": {},
            "t": "ID!"
          },
          "name": {
            "n": "name",
            "a": {},
            "t": "String!"
          },
          "native": {
            "n": "native",
            "a": {},
            "t": "String!"
          },
          "rtl": {
            "n": "rtl",
            "a": {},
            "t": "Boolean!"
          }
        },
        "r": "Language"
      }
    },
    "LanguageFilterInput": {
      "i": {
        "n": "LanguageFilterInput",
        "i": {
          "code": {
            "n": "code",
            "t": "StringQueryOperatorInput"
          }
        },
        "r": "LanguageFilterInput"
      }
    },
    "Query": {
      "O": {
        "n": "Query",
        "f": {
          "continent": {
            "n": "continent",
            "a": {
              "code": {
                "n": "code",
                "t": "ID!"
              }
            },
            "t": "Continent"
          },
          "continents": {
            "n": "continents",
            "a": {
              "filter": {
                "n": "filter",
                "t": "ContinentFilterInput",
                "D": {
                  "__object": {}
                }
              }
            },
            "t": "[Continent!]!"
          },
          "countries": {
            "n": "countries",
            "a": {
              "filter": {
                "n": "filter",
                "t": "CountryFilterInput",
                "D": {
                  "__object": {}
                }
              }
            },
            "t": "[Country!]!"
          },
          "country": {
            "n": "country",
            "a": {
              "code": {
                "n": "code",
                "t": "ID!"
              }
            },
            "t": "Country"
          },
          "language": {
            "n": "language",
            "a": {
              "code": {
                "n": "code",
                "t": "ID!"
              }
            },
            "t": "Language"
          },
          "languages": {
            "n": "languages",
            "a": {
              "filter": {
                "n": "filter",
                "t": "LanguageFilterInput",
                "D": {
                  "__object": {}
                }
              }
            },
            "t": "[Language!]!"
          }
        },
        "r": "Query"
      }
    },
    "State": {
      "O": {
        "n": "State",
        "f": {
          "code": {
            "n": "code",
            "a": {},
            "t": "String"
          },
          "country": {
            "n": "country",
            "a": {},
            "t": "Country!"
          },
          "name": {
            "n": "name",
            "a": {},
            "t": "String!"
          }
        },
        "r": "State"
      }
    },
    "String": {
      "S": {
        "n": "String",
        "d": "The `String` scalar type represents textual data, represented as UTF-8 character sequences. The String type is most often used by GraphQL to represent free-form human-readable text.",
        "p": "PassThrough"
      }
    },
    "StringQueryOperatorInput": {
      "i": {
        "n": "StringQueryOperatorInput",
        "i": {
          "eq": {
            "n": "eq",
            "t": "String"
          },
          "in": {
            "n": "in",
            "t": "[String!]"
          },
          "ne": {
            "n": "ne",
            "t": "String"
          },
          "nin": {
            "n": "nin",
            "t": "[String!]"
          },
          "regex": {
            "n": "regex",
            "t": "String"
          }
        },
        "r": "StringQueryOperatorInput"
      }
    },
    "Subdivision": {
      "O": {
        "n": "Subdivision",
        "f": {
          "code": {
            "n": "code",
            "a": {},
            "t": "ID!"
          },
          "emoji": {
            "n": "emoji",
            "a": {},
            "t": "String"
          },
          "name": {
            "n": "name",
            "a": {},
            "t": "String!"
          }
        },
        "r": "Subdivision"
      }
    },
    "__Directive": {
      "O": {
        "n": "__Directive",
        "d": "A Directive provides a way to describe alternate runtime execution and type validation behavior in a GraphQL document.\n\nIn some cases, you need to provide options to alter GraphQL's execution behavior in ways field arguments will not suffice, such as conditionally including or skipping a field. Directives provide this by describing additional information to the executor.",
        "f": {
          "args": {
            "n": "args",
            "a": {
              "includeDeprecated": {
                "n": "includeDeprecated",
                "t": "Boolean",
                "D": false
              }
            },
            "t": "[__InputValue!]!"
          },
          "description": {
            "n": "description",
            "a": {},
            "t": "String"
          },
          "isRepeatable": {
            "n": "isRepeatable",
            "a": {},
            "t": "Boolean!"
          },
          "locations": {
            "n": "locations",
            "a": {},
            "t": "[__DirectiveLocation!]!"
          },
          "name": {
            "n": "name",
            "a": {},
            "t": "String!"
          }
        },
        "r": "__Directive"
      }
    },
    "__DirectiveLocation": {
      "E": {
        "n": "__DirectiveLocation",
        "d": "A Directive can be adjacent to many parts of the GraphQL language, a __DirectiveLocation describes one such possible adjacencies.",
        "e": {
          "ARGUMENT_DEFINITION": {
            "n": "ARGUMENT_DEFINITION",
            "d": "Location adjacent to an argument definition."
          },
          "ENUM": {
            "n": "ENUM",
            "d": "Location adjacent to an enum definition."
          },
          "ENUM_VALUE": {
            "n": "ENUM_VALUE",
            "d": "Location adjacent to an enum value definition."
          },
          "FIELD": {
            "n": "FIELD",
            "d": "Location adjacent to a field."
          },
          "FIELD_DEFINITION": {
            "n": "FIELD_DEFINITION",
            "d": "Location adjacent to a field definition."
          },
          "FRAGMENT_DEFINITION": {
            "n": "FRAGMENT_DEFINITION",
            "d": "Location adjacent to a fragment definition."
          },
          "FRAGMENT_SPREAD": {
            "n": "FRAGMENT_SPREAD",
            "d": "Location adjacent to a fragment spread."
          },
          "INLINE_FRAGMENT": {
            "n": "INLINE_FRAGMENT",
            "d": "Location adjacent to an inline fragment."
          },
          "INPUT_FIELD_DEFINITION": {
            "n": "INPUT_FIELD_DEFINITION",
            "d": "Location adjacent to an input object field definition."
          },
          "INPUT_OBJECT": {
            "n": "INPUT_OBJECT",
            "d": "Location adjacent to an input object type definition."
          },
          "INTERFACE": {
            "n": "INTERFACE",
            "d": "Location adjacent to an interface definition."
          },
          "MUTATION": {
            "n": "MUTATION",
            "d": "Location adjacent to a mutation operation."
          },
          "OBJECT": {
            "n": "OBJECT",
            "d": "Location adjacent to an object type definition."
          },
          "QUERY": {
            "n": "QUERY",
            "d": "Location adjacent to a query operation."
          },
          "SCALAR": {
            "n": "SCALAR",
            "d": "Location adjacent to a scalar definition."
          },
          "SCHEMA": {
            "n": "SCHEMA",
            "d": "Location adjacent to a schema definition."
          },
          "SUBSCRIPTION": {
            "n": "SUBSCRIPTION",
            "d": "Location adjacent to a subscription operation."
          },
          "UNION": {
            "n": "UNION",
            "d": "Location adjacent to a union definition."
          },
          "VARIABLE_DEFINITION": {
            "n": "VARIABLE_DEFINITION",
            "d": "Location adjacent to a variable definition."
          }
        },
        "r": "__DirectiveLocation"
      }
    },
    "__EnumValue": {
      "O": {
        "n": "__EnumValue",
        "d": "One possible value for a given Enum. Enum values are unique values, not a placeholder for a string or numeric value. However an Enum value is returned in a JSON response as a string.",
        "f": {
          "deprecationReason": {
            "n": "deprecationReason",
            "a": {},
            "t": "String"
          },
          "description": {
            "n": "description",
            "a": {},
            "t": "String"
          },
          "isDeprecated": {
            "n": "isDeprecated",
            "a": {},
            "t": "Boolean!"
          },
          "name": {
            "n": "name",
            "a": {},
            "t": "String!"
          }
        },
        "r": "__EnumValue"
      }
    },
    "__Field": {
      "O": {
        "n": "__Field",
        "d": "Object and Interface types are described by a list of Fields, each of which has a name, potentially a list of arguments, and a return type.",
        "f": {
          "args": {
            "n": "args",
            "a": {
              "includeDeprecated": {
                "n": "includeDeprecated",
                "t": "Boolean",
                "D": false
              }
            },
            "t": "[__InputValue!]!"
          },
          "deprecationReason": {
            "n": "deprecationReason",
            "a": {},
            "t": "String"
          },
          "description": {
            "n": "description",
            "a": {},
            "t": "String"
          },
          "isDeprecated": {
            "n": "isDeprecated",
            "a": {},
            "t": "Boolean!"
          },
          "name": {
            "n": "name",
            "a": {},
            "t": "String!"
          },
          "type": {
            "n": "type",
            "a": {},
            "t": "__Type!"
          }
        },
        "r": "__Field"
      }
    },
    "__InputValue": {
      "O": {
        "n": "__InputValue",
        "d": "Arguments provided to Fields or Directives and the input fields of an InputObject are represented as Input Values which describe their type and optionally a default value.",
        "f": {
          "defaultValue": {
            "n": "defaultValue",
            "d": "A GraphQL-formatted string representing the default value for this input value.",
            "a": {},
            "t": "String"
          },
          "deprecationReason": {
            "n": "deprecationReason",
            "a": {},
            "t": "String"
          },
          "description": {
            "n": "description",
            "a": {},
            "t": "String"
          },
          "isDeprecated": {
            "n": "isDeprecated",
            "a": {},
            "t": "Boolean!"
          },
          "name": {
            "n": "name",
            "a": {},
            "t": "String!"
          },
          "type": {
            "n": "type",
            "a": {},
            "t": "__Type!"
          }
        },
        "r": "__InputValue"
      }
    },
    "__Schema": {
      "O": {
        "n": "__Schema",
        "d": "A GraphQL Schema defines the capabilities of a GraphQL server. It exposes all available types and directives on the server, as well as the entry points for query, mutation, and subscription operations.",
        "f": {
          "description": {
            "n": "description",
            "a": {},
            "t": "String"
          },
          "directives": {
            "n": "directives",
            "d": "A list of all directives supported by this server.",
            "a": {},
            "t": "[__Directive!]!"
          },
          "mutationType": {
            "n": "mutationType",
            "d": "If this server supports mutation, the type that mutation operations will be rooted at.",
            "a": {},
            "t": "__Type"
          },
          "queryType": {
            "n": "queryType",
            "d": "The type that query operations will be rooted at.",
            "a": {},
            "t": "__Type!"
          },
          "subscriptionType": {
            "n": "subscriptionType",
            "d": "If this server support subscription, the type that subscription operations will be rooted at.",
            "a": {},
            "t": "__Type"
          },
          "types": {
            "n": "types",
            "d": "A list of all types supported by this server.",
            "a": {},
            "t": "[__Type!]!"
          }
        },
        "r": "__Schema"
      }
    },
    "__Type": {
      "O": {
        "n": "__Type",
        "d": "The fundamental unit of any GraphQL Schema is the type. There are many kinds of types in GraphQL as represented by the `__TypeKind` enum.\n\nDepending on the kind of a type, certain fields describe information about that type. Scalar types provide no information beyond a name, description and optional `specifiedByURL`, while Enum types provide their values. Object and Interface types provide the fields they describe. Abstract types, Union and Interface, provide the Object types possible at runtime. List and NonNull types compose other types.",
        "f": {
          "description": {
            "n": "description",
            "a": {},
            "t": "String"
          },
          "enumValues": {
            "n": "enumValues",
            "a": {
              "includeDeprecated": {
                "n": "includeDeprecated",
                "t": "Boolean",
                "D": false
              }
            },
            "t": "[__EnumValue!]"
          },
          "fields": {
            "n": "fields",
            "a": {
              "includeDeprecated": {
                "n": "includeDeprecated",
                "t": "Boolean",
                "D": false
              }
            },
            "t": "[__Field!]"
          },
          "inputFields": {
            "n": "inputFields",
            "a": {
              "includeDeprecated": {
                "n": "includeDeprecated",
                "t": "Boolean",
                "D": false
              }
            },
            "t": "[__InputValue!]"
          },
          "interfaces": {
            "n": "interfaces",
            "a": {},
            "t": "[__Type!]"
          },
          "kind": {
            "n": "kind",
            "a": {},
            "t": "__TypeKind!"
          },
          "name": {
            "n": "name",
            "a": {},
            "t": "String"
          },
          "ofType": {
            "n": "ofType",
            "a": {},
            "t": "__Type"
          },
          "possibleTypes": {
            "n": "possibleTypes",
            "a": {},
            "t": "[__Type!]"
          },
          "specifiedByURL": {
            "n": "specifiedByURL",
            "a": {},
            "t": "String"
          }
        },
        "r": "__Type"
      }
    },
    "__TypeKind": {
      "E": {
        "n": "__TypeKind",
        "d": "An enum describing what kind of type a given `__Type` is.",
        "e": {
          "ENUM": {
            "n": "ENUM",
            "d": "Indicates this type is an enum. `enumValues` is a valid field."
          },
          "INPUT_OBJECT": {
            "n": "INPUT_OBJECT",
            "d": "Indicates this type is an input object. `inputFields` is a valid field."
          },
          "INTERFACE": {
            "n": "INTERFACE",
            "d": "Indicates this type is an interface. `fields`, `interfaces`, and `possibleTypes` are valid fields."
          },
          "LIST": {
            "n": "LIST",
            "d": "Indicates this type is a list. `ofType` is a valid field."
          },
          "NON_NULL": {
            "n": "NON_NULL",
            "d": "Indicates this type is a non-null. `ofType` is a valid field."
          },
          "OBJECT": {
            "n": "OBJECT",
            "d": "Indicates this type is an object. `fields` and `interfaces` are valid fields."
          },
          "SCALAR": {
            "n": "SCALAR",
            "d": "Indicates this type is a scalar."
          },
          "UNION": {
            "n": "UNION",
            "d": "Indicates this type is a union. `possibleTypes` is a valid field."
          }
        },
        "r": "__TypeKind"
      }
    }
  },
  "directives": {
    "deprecated": {
      "name": "deprecated",
      "description": "Marks an element of a GraphQL schema as no longer supported.",
      "locations": [
        "ArgumentDefinition",
        "EnumValue",
        "FieldDefinition",
        "InputFieldDefinition"
      ],
      "args": {
        "reason": {
          "n": "reason",
          "d": "Explains why this element was deprecated, usually also including a suggestion for how to access supported similar data. Formatted using the Markdown syntax, as specified by [CommonMark](https://commonmark.org/).",
          "t": "String",
          "D": "No longer supported"
        }
      },
      "is_repeatable": false
    },
    "include": {
      "name": "include",
      "description": "Directs the executor to include this field or fragment only when the `if` argument is true.",
      "locations": [
        "Field",
        "FragmentSpread",
        "InlineFragment"
      ],
      "args": {
        "if": {
          "n": "if",
          "d": "Included when true.",
          "t": "Boolean!"
        }
      },
      "is_repeatable": false
    },
    "skip": {
      "name": "skip",
      "description": "Directs the executor to skip this field or fragment when the `if` argument is true.",
      "locations": [
        "Field",
        "FragmentSpread",
        "InlineFragment"
      ],
      "args": {
        "if": {
          "n": "if",
          "d": "Skipped when true.",
          "t": "Boolean!"
        }
      },
      "is_repeatable": false
    },
    "specifiedBy": {
      "name": "specifiedBy",
      "description": "Exposes a URL that specifies the behavior of this scalar.",
      "locations": [
        "Scalar"
      ],
      "args": {
        "url": {
          "n": "url",
          "d": "The URL that specifies the behavior of this scalar.",
          "t": "String!"
        }
      },
      "is_repeatable": false
    }
  },
  "implements": {},
  "query_type": "Query",
  "mutation_type": null,
  "subscription_type": null,
  "disable_introspection": false,
  "enable_federation": false,
  "federation_subscription": false,
  "auth": {
    "allowed_private_ops": 0,
    "allowed_public_ops": 0,
    "allowed_group_ops": {},
    "allowed_owner_ops": 0,
    "provider": null
  },
  "mongodb_configurations": {},
  "http_headers": {},
  "postgres_databases": {},
  "enable_caching": false,
  "enable_partial_caching": false,
  "enable_codegen": false,
  "is_federated": false,
  "operation_limits": {
    "depth": null,
    "height": null,
    "aliases": null,
    "rootFields": null,
    "complexity": null
  },
  "trusted_documents": null,
  "cors_config": null
}
