---
source: engine/crates/engine-v2/query-solver/src/tests/provides.rs
expression: "digraph {\n    0 [ label = \"root\", color=forestgreen ]\n    1 [ label = \"id\", color=forestgreen ]\n    2 [ label = \"id\", color=forestgreen ]\n    3 [ label = \"name\", color=forestgreen ]\n    4 [ label = \"kind\", color=forestgreen ]\n    5 [ label = \"id\", color=forestgreen ]\n    6 [ label = \"name\", color=forestgreen ]\n    7 [ label = \"kind\", color=forestgreen ]\n    8 [ label = \"Root#products\", shape=parallelogram, color=dodgerblue, color=forestgreen ]\n    9 [ label = \"products#products\", shape=box, color=dodgerblue, color=forestgreen ]\n    10 [ label = \"categories#products@provides\", shape=box, color=dodgerblue, color=forestgreen ]\n    11 [ label = \"FedEntity#category\", shape=parallelogram, color=dodgerblue, style=dashed ]\n    12 [ label = \"categories#category\", shape=box, color=dodgerblue, style=dashed ]\n    13 [ label = \"FedEntity#subcategories\", shape=parallelogram, color=dodgerblue, style=dashed ]\n    14 [ label = \"subCategories#subcategories\", shape=box, color=dodgerblue, style=dashed ]\n    15 [ label = \"kind#subcategories@provides\", shape=box, color=dodgerblue, style=dashed ]\n    16 [ label = \"FedEntity#category\", shape=parallelogram, color=dodgerblue, color=forestgreen ]\n    17 [ label = \"kind#category\", shape=box, color=dodgerblue, color=forestgreen ]\n    18 [ label = \"name#category\", shape=box, color=dodgerblue, style=dashed ]\n    19 [ label = \"id#subcategories\", shape=box, color=dodgerblue, style=dashed ]\n    20 [ label = \"kind#category\", shape=box, color=dodgerblue, style=dashed ]\n    21 [ label = \"name#category\", shape=box, color=dodgerblue, style=dashed ]\n    22 [ label = \"id#category\", shape=box, color=dodgerblue, style=dashed ]\n    23 [ label = \"subCategories#products@provides\", shape=box, color=dodgerblue, color=forestgreen ]\n    24 [ label = \"name#products@provides\", shape=box, color=dodgerblue, color=forestgreen ]\n    25 [ label = \"id#products@provides\", shape=box, color=dodgerblue, color=forestgreen ]\n    26 [ label = \"FedEntity#category\", shape=parallelogram, color=dodgerblue, color=forestgreen ]\n    27 [ label = \"kind#category\", shape=box, color=dodgerblue, color=forestgreen ]\n    28 [ label = \"name#products@provides\", shape=box, color=dodgerblue, color=forestgreen ]\n    29 [ label = \"name#category\", shape=box, color=dodgerblue, style=dashed ]\n    30 [ label = \"id#products@provides\", shape=box, color=dodgerblue, color=forestgreen ]\n    31 [ label = \"id#products\", shape=box, color=dodgerblue, color=forestgreen ]\n    32 [ label=\"\", style=dashed]\n    0 -> 8 [ label = \"\", color=forestgreen,fontcolor=forestgreen ]\n    8 -> 9 [ label = \"\", color=forestgreen,fontcolor=forestgreen ]\n    9 -> 10 [ label = \"\", color=forestgreen,fontcolor=forestgreen ]\n    9 -> 11 [ label = <<b>1</b>>, color=royalblue,fontcolor=royalblue,style=dashed ]\n    11 -> 12 [ label = \"\", color=royalblue,fontcolor=royalblue,style=dashed ]\n    12 -> 13 [ label = <<b>1</b>>, color=royalblue,fontcolor=royalblue,style=dashed ]\n    13 -> 14 [ label = \"\", color=royalblue,fontcolor=royalblue,style=dashed ]\n    14 -> 15 [ label = \"\", color=royalblue,fontcolor=royalblue,style=dashed ]\n    15 -> 7 [ label = \"\", color=royalblue,fontcolor=royalblue,style=dashed ]\n    14 -> 16 [ label = <<b>1</b>>, color=royalblue,fontcolor=royalblue,style=dashed ]\n    16 -> 17 [ label = \"\", color=forestgreen,fontcolor=forestgreen ]\n    17 -> 7 [ label = \"\", color=forestgreen,fontcolor=forestgreen ]\n    16 -> 18 [ label = \"\", color=royalblue,fontcolor=royalblue,style=dashed ]\n    18 -> 6 [ label = \"\", color=royalblue,fontcolor=royalblue,style=dashed ]\n    14 -> 19 [ label = \"\", color=royalblue,fontcolor=royalblue,style=dashed ]\n    19 -> 5 [ label = \"\", color=royalblue,fontcolor=royalblue,style=dashed ]\n    12 -> 20 [ label = \"\", color=royalblue,fontcolor=royalblue,style=dashed ]\n    20 -> 4 [ label = \"\", color=royalblue,fontcolor=royalblue,style=dashed ]\n    12 -> 21 [ label = \"\", color=royalblue,fontcolor=royalblue,style=dashed ]\n    21 -> 3 [ label = \"\", color=royalblue,fontcolor=royalblue,style=dashed ]\n    12 -> 22 [ label = \"\", color=royalblue,fontcolor=royalblue,style=dashed ]\n    22 -> 2 [ label = \"\", color=royalblue,fontcolor=royalblue,style=dashed ]\n    10 -> 23 [ label = \"\", color=forestgreen,fontcolor=forestgreen ]\n    10 -> 13 [ label = <<b>1</b>>, color=royalblue,fontcolor=royalblue,style=dashed ]\n    23 -> 16 [ label = \"\", color=forestgreen,fontcolor=forestgreen ]\n    23 -> 24 [ label = \"\", color=forestgreen,fontcolor=forestgreen ]\n    24 -> 6 [ label = \"\", color=forestgreen,fontcolor=forestgreen ]\n    23 -> 25 [ label = \"\", color=forestgreen,fontcolor=forestgreen ]\n    25 -> 5 [ label = \"\", color=forestgreen,fontcolor=forestgreen ]\n    10 -> 26 [ label = \"\", color=forestgreen,fontcolor=forestgreen ]\n    26 -> 27 [ label = \"\", color=forestgreen,fontcolor=forestgreen ]\n    27 -> 4 [ label = \"\", color=forestgreen,fontcolor=forestgreen ]\n    10 -> 28 [ label = \"\", color=forestgreen,fontcolor=forestgreen ]\n    28 -> 3 [ label = \"\", color=forestgreen,fontcolor=forestgreen ]\n    26 -> 29 [ label = \"\", color=royalblue,fontcolor=royalblue,style=dashed ]\n    29 -> 3 [ label = \"\", color=royalblue,fontcolor=royalblue,style=dashed ]\n    10 -> 30 [ label = \"\", color=forestgreen,fontcolor=forestgreen ]\n    30 -> 2 [ label = \"\", color=forestgreen,fontcolor=forestgreen ]\n    9 -> 31 [ label = \"\", color=forestgreen,fontcolor=forestgreen ]\n    31 -> 1 [ label = \"\", color=forestgreen,fontcolor=forestgreen ]\n    32 -> 0 [ label = \"\", color=royalblue,fontcolor=royalblue,style=dashed ]\n}\n"
---
digraph {
    0 [ label = "root", steiner=1 ]
    1 [ label = "id", steiner=1 ]
    2 [ label = "id", steiner=1 ]
    3 [ label = "name", steiner=1 ]
    4 [ label = "kind", steiner=1 ]
    5 [ label = "id", steiner=1 ]
    6 [ label = "name", steiner=1 ]
    7 [ label = "kind", steiner=1 ]
    8 [ label = "Root#products", steiner=1 ]
    9 [ label = "products#products", steiner=1 ]
    10 [ label = "categories#products@provides", steiner=1 ]
    11 [ label = "FedEntity#category", steiner=0 ]
    12 [ label = "categories#category", steiner=0 ]
    13 [ label = "FedEntity#subcategories", steiner=0 ]
    14 [ label = "subCategories#subcategories", steiner=0 ]
    15 [ label = "kind#subcategories@provides", steiner=0 ]
    16 [ label = "FedEntity#category", steiner=1 ]
    17 [ label = "kind#category", steiner=1 ]
    18 [ label = "name#category", steiner=0 ]
    19 [ label = "id#subcategories", steiner=0 ]
    20 [ label = "kind#category", steiner=0 ]
    21 [ label = "name#category", steiner=0 ]
    22 [ label = "id#category", steiner=0 ]
    23 [ label = "subCategories#products@provides", steiner=1 ]
    24 [ label = "name#products@provides", steiner=1 ]
    25 [ label = "id#products@provides", steiner=1 ]
    26 [ label = "FedEntity#category", steiner=1 ]
    27 [ label = "kind#category", steiner=1 ]
    28 [ label = "name#products@provides", steiner=1 ]
    29 [ label = "name#category", steiner=0 ]
    30 [ label = "id#products@provides", steiner=1 ]
    31 [ label = "id#products", steiner=1 ]
    32 [ label="", style=dashed]
    0 -> 8 [ cost=0, steiner=1]
    8 -> 9 [ cost=0, steiner=1]
    9 -> 10 [ cost=0, steiner=1]
    9 -> 11 [ cost=1, steiner=0]
    11 -> 12 [ cost=0, steiner=0]
    12 -> 13 [ cost=1, steiner=0]
    13 -> 14 [ cost=0, steiner=0]
    14 -> 15 [ cost=0, steiner=0]
    15 -> 7 [ cost=0, steiner=0]
    14 -> 16 [ cost=1, steiner=0]
    16 -> 17 [ cost=0, steiner=1]
    17 -> 7 [ cost=0, steiner=1]
    16 -> 18 [ cost=0, steiner=0]
    18 -> 6 [ cost=0, steiner=0]
    14 -> 19 [ cost=0, steiner=0]
    19 -> 5 [ cost=0, steiner=0]
    12 -> 20 [ cost=0, steiner=0]
    20 -> 4 [ cost=0, steiner=0]
    12 -> 21 [ cost=0, steiner=0]
    21 -> 3 [ cost=0, steiner=0]
    12 -> 22 [ cost=0, steiner=0]
    22 -> 2 [ cost=0, steiner=0]
    10 -> 23 [ cost=0, steiner=1]
    10 -> 13 [ cost=1, steiner=0]
    23 -> 16 [ cost=0, steiner=1]
    23 -> 24 [ cost=0, steiner=1]
    24 -> 6 [ cost=0, steiner=1]
    23 -> 25 [ cost=0, steiner=1]
    25 -> 5 [ cost=0, steiner=1]
    10 -> 26 [ cost=0, steiner=1]
    26 -> 27 [ cost=0, steiner=1]
    27 -> 4 [ cost=0, steiner=1]
    10 -> 28 [ cost=0, steiner=1]
    28 -> 3 [ cost=0, steiner=1]
    26 -> 29 [ cost=0, steiner=0]
    29 -> 3 [ cost=0, steiner=0]
    10 -> 30 [ cost=0, steiner=1]
    30 -> 2 [ cost=0, steiner=1]
    9 -> 31 [ cost=0, steiner=1]
    31 -> 1 [ cost=0, steiner=1]
    32 -> 0 [ cost=0, steiner=0]
}
