---
source: crates/cli/tests/auth.rs
expression: "reader_client.gql::<Value>(AUTH_ENTRYPOINT_MUTATION_TEXT).await"
---
{
  "data": null,
  "errors": [
    {
      "message": "Unauthorized to access Mutation.text (missing create | update | delete operation)"
    }
  ]
}
