---
source: crates/cli/tests/owner.rs
expression: "client.gql::<Value>(OWNER_TWITTER_TWEET_CREATE).bearer(USER2).variables(json!({\n                \"userId\" : id\n            })).send()"
---
{
  "data": {
    "tweetCreate": null
  },
  "errors": [
    {
      "message": "An issue happened while applying the transaction.",
      "locations": [
        {
          "line": 2,
          "column": 3
        }
      ],
      "path": [
        "tweetCreate"
      ]
    }
  ]
}
