---
source: crates/engine/query-solver/src/tests/flatten.rs
expression: "digraph {\n    0 [ label = \"root\" ]\n    1 [ label = \"Query.feed\" ]\n    2 [ label = \"Post.author\" ]\n    3 [ label = \"Post.comments\" ]\n    4 [ label = \"Author.id\" ]\n    5 [ label = \"Comment.id\" ]\n    6 [ label = \"Root#c\", shape=parallelogram, color=dodgerblue ]\n    7 [ label = \"feed#c\", shape=box, color=dodgerblue ]\n    8 [ label = \"FedEntity#d\", shape=parallelogram, color=dodgerblue ]\n    9 [ label = \"author#d\", shape=box, color=dodgerblue ]\n    10 [ label = \"id#d\", shape=box, color=dodgerblue ]\n    11 [ label = \"comments#d\", shape=box, color=dodgerblue ]\n    12 [ label = \"id#d\", shape=box, color=dodgerblue ]\n    13 [ label = \"*Post.comments\" ]\n    14 [ label = \"comments#d\", shape=box, color=dodgerblue ]\n    15 [ label = \"*Comment.authorId\" ]\n    16 [ label = \"FedEntity#c\", shape=parallelogram, color=dodgerblue ]\n    17 [ label = \"authorId#c\", shape=box, color=dodgerblue ]\n    18 [ label = \"*Comment.id\" ]\n    19 [ label = \"id#d\", shape=box, color=dodgerblue ]\n    20 [ label = \"*Post.id\" ]\n    21 [ label = \"id#c\", shape=box, color=dodgerblue ]\n    0 -> 1 [ label = \"\" ]\n    1 -> 2 [ label = \"\" ]\n    1 -> 3 [ label = \"\" ]\n    2 -> 4 [ label = \"\" ]\n    3 -> 5 [ label = \"\" ]\n    0 -> 6 [ label = \"\", color=royalblue,fontcolor=royalblue ]\n    0 -> 6 [ label = \"\", style=dashed,arrowhead=none ]\n    6 -> 7 [ label = \"\", color=royalblue,fontcolor=royalblue ]\n    7 -> 1 [ label = \"\", color=violet,arrowhead=none ]\n    7 -> 8 [ label = \"\", color=royalblue,fontcolor=royalblue ]\n    1 -> 8 [ label = \"\", style=dashed,arrowhead=none ]\n    8 -> 9 [ label = \"\", color=royalblue,fontcolor=royalblue ]\n    9 -> 2 [ label = \"\", color=violet,arrowhead=none ]\n    9 -> 10 [ label = \"\", color=royalblue,fontcolor=royalblue ]\n    10 -> 4 [ label = \"\", color=violet,arrowhead=none ]\n    8 -> 11 [ label = \"\", color=royalblue,fontcolor=royalblue ]\n    11 -> 3 [ label = \"\", color=violet,arrowhead=none ]\n    11 -> 12 [ label = \"\", color=royalblue,fontcolor=royalblue ]\n    12 -> 5 [ label = \"\", color=violet,arrowhead=none ]\n    1 -> 13 [ label = \"\" ]\n    9 -> 13 [ label = \"\", color=orangered,arrowhead=inv ]\n    8 -> 14 [ label = \"\", color=royalblue,fontcolor=royalblue ]\n    14 -> 13 [ label = \"\", color=violet,arrowhead=none ]\n    13 -> 15 [ label = \"\" ]\n    9 -> 15 [ label = \"\", color=orangered,arrowhead=inv ]\n    14 -> 16 [ label = \"\", color=royalblue,fontcolor=royalblue ]\n    13 -> 16 [ label = \"\", style=dashed,arrowhead=none ]\n    16 -> 17 [ label = \"\", color=royalblue,fontcolor=royalblue ]\n    17 -> 15 [ label = \"\", color=violet,arrowhead=none ]\n    13 -> 18 [ label = \"\" ]\n    16 -> 18 [ label = \"\", color=orangered,arrowhead=inv ]\n    14 -> 19 [ label = \"\", color=royalblue,fontcolor=royalblue ]\n    19 -> 18 [ label = \"\", color=violet,arrowhead=none ]\n    1 -> 20 [ label = \"\" ]\n    8 -> 20 [ label = \"\", color=orangered,arrowhead=inv ]\n    7 -> 21 [ label = \"\", color=royalblue,fontcolor=royalblue ]\n    21 -> 20 [ label = \"\", color=violet,arrowhead=none ]\n}\n"
---
digraph {
    0 [ root]
    1 [ Query.feed]
    2 [ Post.author]
    3 [ Post.comments]
    4 [ Author.id]
    5 [ Comment.id]
    6 [ Root#c]
    7 [ feed#c]
    8 [ FedEntity#d]
    9 [ author#d]
    10 [ id#d]
    11 [ comments#d]
    12 [ id#d]
    13 [ *Post.comments]
    14 [ comments#d]
    15 [ *Comment.authorId]
    16 [ FedEntity#c]
    17 [ authorId#c]
    18 [ *Comment.id]
    19 [ id#d]
    20 [ *Post.id]
    21 [ id#c]
    0 -> 1 [ label = "Field" ]
    1 -> 2 [ label = "Field" ]
    1 -> 3 [ label = "Field" ]
    2 -> 4 [ label = "Field" ]
    3 -> 5 [ label = "Field" ]
    0 -> 6 [ label = "CreateChildResolver" ]
    0 -> 6 [ label = "HasChildResolver" ]
    6 -> 7 [ label = "CanProvide" ]
    7 -> 1 [ label = "Provides" ]
    7 -> 8 [ label = "CreateChildResolver" ]
    1 -> 8 [ label = "HasChildResolver" ]
    8 -> 9 [ label = "CanProvide" ]
    9 -> 2 [ label = "Provides" ]
    9 -> 10 [ label = "CanProvide" ]
    10 -> 4 [ label = "Provides" ]
    8 -> 11 [ label = "CanProvide" ]
    11 -> 3 [ label = "Provides" ]
    11 -> 12 [ label = "CanProvide" ]
    12 -> 5 [ label = "Provides" ]
    1 -> 13 [ label = "Field" ]
    9 -> 13 [ label = "RequiredBySubgraph" ]
    8 -> 14 [ label = "CanProvide" ]
    14 -> 13 [ label = "Provides" ]
    13 -> 15 [ label = "Field" ]
    9 -> 15 [ label = "RequiredBySubgraph" ]
    14 -> 16 [ label = "CreateChildResolver" ]
    13 -> 16 [ label = "HasChildResolver" ]
    16 -> 17 [ label = "CanProvide" ]
    17 -> 15 [ label = "Provides" ]
    13 -> 18 [ label = "Field" ]
    16 -> 18 [ label = "RequiredBySubgraph" ]
    14 -> 19 [ label = "CanProvide" ]
    19 -> 18 [ label = "Provides" ]
    1 -> 20 [ label = "Field" ]
    8 -> 20 [ label = "RequiredBySubgraph" ]
    7 -> 21 [ label = "CanProvide" ]
    21 -> 20 [ label = "Provides" ]
}
