---
source: crates/graphql-composition/tests/composition_tests.rs
expression: API SDL
input_file: crates/graphql-composition/tests/composition/provides/provides_scalar/test.md
---

