---
source: common/parser/src/rules/relations/relations_engine.rs
expression: "&ctx.relations"
---
{
    "AuthorToPost": MetaRelation {
        name: "AuthorToPost",
        kind: OneToOne,
        relation: (
            Some(
                ModelName(
                    "Post",
                ),
            ),
            ModelName(
                "Author",
            ),
        ),
        birectional: false,
    },
}
