---
source: crates/graphql-composition/tests/composition_tests.rs
expression: actual_api_sdl
input_file: crates/graphql-composition/tests/composition/entity_interfaces_multi_subgraph/test.md
---
type Squirrel {
    favouriteFood: String
}

type Cheetah {
    favouriteFood: String
    runSpeedKmh: Float
    species: String!
    swimSpeedKmh: Float
    topSpeed: Int!
    weightGrams: Int
}

type Mammoth {
    tuskLength: Int
    weightGrams: Int
}

type Query {
    getMammoth: Mammoth
}

interface Animal {
    favouriteFood: String
    species: String!
    swimSpeedKmh: Float
    weightGrams: Int
}
