---
source: crates/operation-checks/tests/operation_check_tests.rs
expression: rendered
input_file: crates/operation-checks/tests/cases/remove_enum_value_used_in_argument.graphql
---
Forward:
[
    CheckDiagnostic {
        message: "The enum value `Color.BLUE` was removed but it is still used by clients.",
        severity: Error,
        path: "Color.BLUE",
        change_kind: RemoveEnumValue,
    },
]

Backward:
[]
