---
source: crates/graphql-composition/tests/composition_tests.rs
expression: Diagnostics
input_file: crates/graphql-composition/tests/composition/composition_of_zero_subgraphs/test.md
---
- ‚ùå No subgraphs to compose. You must pass at least one subgraph.
