---
source: crates/graphql-schema-validation/tests/validation_tests.rs
expression: displayed
input_file: crates/graphql-schema-validation/tests/validation_errors/interfaces_no_field.graphql
---
  Ã— The interface InterfaceOff has no fields. An interface must define one or more fields.
