---
source: common/grafbase_engine/src/registry/scalars/phone.rs
assertion_line: 123
expression: scalar
---
Err(
    InputValueError {
        message: "Failed to parse \"PhoneNumber\": Invalid phone number",
        phantom: PhantomData<serde_json::value::Value>,
    },
)
