---
source: common/grafbase_engine/src/registry/scalars/url.rs
assertion_line: 81
expression: "URLScalar::sdl()"
---
"""
An URL as defined byÂ RFC1738. For example, `https://grafbase.com/foo/` or `mailto:example@grafbase.com`.
"""
scalar URL @specifiedBy(url: "http://url.spec.whatwg.org/")

