---
source: crates/graphql-composition/tests/composition_tests.rs
expression: The key on Policy references a field that does not exist.
input_file: crates/graphql-composition/tests/composition/entity_invalid_key/test.md
---

