---
source: crates/graphql-composition/tests/composition_tests.rs
expression: Federated SDL
input_file: crates/graphql-composition/tests/composition/tag_directive_basic/test.md
---

