---
source: engine/crates/parser-sdl/src/rules/join_directive.rs
expression: resolver
---
{
  "J": {
    "fields": [
      [
        "blah",
        [
          [
            "id",
            {
              "$var": "id"
            }
          ]
        ]
      ]
    ]
  }
}
